<!-- wp:group {"layout":{"type":"constrained"}} -->
<div class="wp-block-group-group wp-block-group"><!-- wp:paragraph -->
<p>Group Block with a Paragraph</p>
<!-- /wp:paragraph --></div>
<!-- /wp:group -->