<!-- wp:group {"layout":{"type":"constrained"}} -->
<div class="wp-block-group-group wp-block-group"></div>
<!-- /wp:group -->